// Jest Snapshot v1, https://goo.gl/fbAQLP

exports[`Button matches snapshot 1`] = `
<div>
  <button
    class="button "
    data-testid="button"
  >
    Click me
  </button>
</div>
`;
